
=== [lint] npm run lint

> ring-core@0.1.0 lint
> eslint


--- [lint] exit_code=0

=== [quality] npm run run:quality

> ring-core@0.1.0 run:quality
> node ./tools/run-quality.mjs


> ring-core@0.1.0 lint:gaze
> eslint "lib/gaze/**/*.ts" "hooks/useEyedidGaze.ts" "components/kiyoko/EyedidCalibrationOverlay.tsx"


> ring-core@0.1.0 test:run
> vitest run


 RUN  v4.1.4 C:/Users/user/Desktop/ring-core


 Test Files  8 passed (8)
      Tests  43 passed (43)
   Start at  19:04:48
   Duration  1.57s (transform 320ms, setup 0ms, import 641ms, tests 46ms, environment 9.39s)


--- [quality] exit_code=0

=== [build] npm run build

> ring-core@0.1.0 build
> next build

▲ Next.js 16.2.6 (Turbopack)
- Environments: .env.local

  Creating an optimized production build ...
✓ Compiled successfully in 3.4s
  Running TypeScript ...
  Finished TypeScript in 3.8s ...
  Collecting page data using 19 workers ...
  Generating static pages using 19 workers (0/28) ...
  Generating static pages using 19 workers (7/28) 
  Generating static pages using 19 workers (14/28) 
  Generating static pages using 19 workers (21/28) 
✓ Generating static pages using 19 workers (28/28) in 665ms
  Finalizing page optimization ...

Route (app)
┌ ○ /
├ ○ /_not-found
├ ƒ /access
├ ƒ /api/audit-logs
├ ƒ /api/audit-logs/export
├ ƒ /api/auth/change-password
├ ƒ /api/auth/hospital-switch
├ ƒ /api/auth/logout
├ ƒ /api/auth/nurse-login
├ ƒ /api/chat
├ ƒ /api/demo-feedback
├ ƒ /api/family-summary
├ ƒ /api/invite
├ ƒ /api/invite/consume
├ ƒ /api/nurse-accounts
├ ○ /dashboard
├ ○ /dashboard/family
├ ○ /dashboard/history
├ ○ /dashboard/nurse
├ ○ /demo
├ ○ /demo-1min
├ ○ /kiyoko
├ ƒ /login
├ ƒ /nurse-login
├ ○ /record
└ ○ /settings


ƒ Proxy (Middleware)

○  (Static)   prerendered as static content
ƒ  (Dynamic)  server-rendered on demand


--- [build] exit_code=0

✅ run:verify passed in 19313ms
log: C:\Users\user\Desktop\ring-core\.artifacts\verify\run-verify-2026-05-09T10-04-41-665Z.log
