
=== [lint] npm run lint

> ring-core@0.1.0 lint
> eslint


--- [lint] exit_code=0

=== [quality] npm run run:quality

> ring-core@0.1.0 run:quality
> node ./tools/run-quality.mjs


> ring-core@0.1.0 lint:gaze
> eslint "lib/gaze/**/*.ts" "hooks/useEyedidGaze.ts" "components/kiyoko/EyedidCalibrationOverlay.tsx"


> ring-core@0.1.0 test:run
> vitest run


 RUN  v4.1.4 C:/Users/user/Desktop/ring-core


 Test Files  8 passed (8)
      Tests  43 passed (43)
   Start at  19:12:21
   Duration  2.03s (transform 387ms, setup 0ms, import 1.55s, tests 43ms, environment 9.73s)


--- [quality] exit_code=0

=== [build] npm run build

> ring-core@0.1.0 build
> next build

[@sentry/nextjs] DEPRECATION WARNING: disableLogger is deprecated and will be removed in a future version. Use webpack.treeshake.removeDebugLogging instead. (Not supported with Turbopack.)
[@sentry/nextjs] ACTION REQUIRED: To instrument navigations, the Sentry SDK requires you to export an `onRouterTransitionStart` hook from your `instrumentation-client.(js|ts)` file. You can do so by adding `export const onRouterTransitionStart = Sentry.captureRouterTransitionStart;` to the file.
▲ Next.js 16.2.6 (Turbopack)
- Environments: .env.local
- Experiments (use with caution):
  · clientTraceMetadata

  Creating an optimized production build ...
[@sentry/nextjs] DEPRECATION WARNING: disableLogger is deprecated and will be removed in a future version. Use webpack.treeshake.removeDebugLogging instead. (Not supported with Turbopack.)
[@sentry/nextjs] ACTION REQUIRED: To instrument navigations, the Sentry SDK requires you to export an `onRouterTransitionStart` hook from your `instrumentation-client.(js|ts)` file. You can do so by adding `export const onRouterTransitionStart = Sentry.captureRouterTransitionStart;` to the file.
✓ Compiled successfully in 11.5s
  Running next.config.js provided runAfterProductionCompile ...
✓ Completed runAfterProductionCompile in 704ms
  Running TypeScript ...
Failed to type check.

./next.config.ts:74:45
Type error: Argument of type '{ sourcemaps: { disable: boolean; }; org: string | undefined; project: string | undefined; authToken: string | undefined; silent: true; disableLogger: true; }' is not assignable to parameter of type 'SentryBuildOptions' with 'exactOptionalPropertyTypes: true'. Consider adding 'undefined' to the types of the target's properties.
  Types of property 'org' are incompatible.
    Type 'string | undefined' is not assignable to type 'string'.
      Type 'undefined' is not assignable to type 'string'.

  [90m72 |[0m };
  [90m73 |[0m
[31m[1m>[0m [90m74 |[0m [36mexport[0m [36mdefault[0m withSentryConfig(nextConfig, {
  [90m   |[0m                                             [31m[1m^[0m
  [90m75 |[0m   [90m// Keep source maps hidden from public bundles while still uploading.[0m
  [90m76 |[0m   sourcemaps: {
  [90m77 |[0m     disable: process.env[[32m"SENTRY_AUTH_TOKEN"[0m] === [36mundefined[0m,
Next.js build worker exited with code: 1 and signal: null

--- [build] exit_code=1

❌ run:verify failed in 33945ms
log: C:\Users\user\Desktop\ring-core\.artifacts\verify\run-verify-2026-05-09T10-12-10-800Z.log
